// Jest Snapshot v1, https://goo.gl/fbAQLP

exports[`<UserAuthenticator> should render 1`] = `
<p>
  You are being authenticated...
</p>
`;
